nohup: ignoring input
Falta better-sqlite3: npm i better-sqlite3
/data/data/com.termux/files/home/intencoin/wallet/db.js:5
catch(e){ console.error('Falta better-sqlite3: npm i better-sqlite3'); throw e; }
                                                                       ^

Error: Cannot find module 'better-sqlite3'
Require stack:
- /data/data/com.termux/files/home/intencoin/wallet/db.js
- /data/data/com.termux/files/home/intencoin/wallet/server.js
    at Module._resolveFilename (node:internal/modules/cjs/loader:1420:15)
    at defaultResolveImpl (node:internal/modules/cjs/loader:1058:19)
    at resolveForCJSWithHooks (node:internal/modules/cjs/loader:1063:22)
    at Module._load (node:internal/modules/cjs/loader:1226:37)
    at TracingChannel.traceSync (node:diagnostics_channel:328:14)
    at wrapModuleLoad (node:internal/modules/cjs/loader:244:24)
    at Module.require (node:internal/modules/cjs/loader:1503:12)
    at require (node:internal/modules/helpers:152:16)
    at Object.<anonymous> (/data/data/com.termux/files/home/intencoin/wallet/db.js:4:18)
    at Module._compile (node:internal/modules/cjs/loader:1760:14) {
  code: 'MODULE_NOT_FOUND',
  requireStack: [
    '/data/data/com.termux/files/home/intencoin/wallet/db.js',
    '/data/data/com.termux/files/home/intencoin/wallet/server.js'
  ]
}

Node.js v24.9.0
